
> frontend@0.0.0 build
> vite build

[36mvite v5.4.21 [32mbuilding for production...[36m[39m
transforming...
[32mΓ£ô[39m 1816 modules transformed.
node.exe : 
[31mx[39m Build 
failed in 5.25s
At line:1 char:1
+ & "C:\Program Files\
nodejs/node.exe" "C:\U
sers\LENOVO\AppData\Ro
aming ...
+ ~~~~~~~~~~~~~~~~~~~~
~~~~~~~~~~~~~~~~~~~~~~
~~~~~~~~~~~~~~~~~~~~~~
~~~~~
    + CategoryInfo    
          : NotSpeci  
  fied: ([31mx[39   
 m Build failed in    
 5.25s:String) []    
, RemoteException
    + FullyQualifiedE 
   rrorId : NativeCo  
  mmandError
 
[31merror during 
build:
[31msrc/services/temp
lateApi.js (1:7): 
"default" is not 
exported by "src/servi
ces/api.js", imported 
by "src/services/templ
ateApi.js".[31m
file: [36mC:/Users/LE
NOVO/OneDrive/Desktop/
client reminder bot/fr
ontend/src/services/te
mplateApi.js:1:7[31m
[33m
1: import API from 
'./api';
          ^
2: 
3: // Re-export the 
existing axios 
instance for 
consistency
[31m
    at getRollupError 
(file:///C:/Users/LENO
VO/OneDrive/Desktop/cl
ient%20reminder%20bot/
frontend/node_modules/
rollup/dist/es/shared/
parseAst.js:402:41)
    at error (file:///
C:/Users/LENOVO/OneDri
ve/Desktop/client%20re
minder%20bot/frontend/
node_modules/rollup/di
st/es/shared/parseAst.
js:398:42)
    at Module.error (f
ile:///C:/Users/LENOVO
/OneDrive/Desktop/clie
nt%20reminder%20bot/fr
ontend/node_modules/ro
llup/dist/es/shared/no
de-entry.js:17040:16)
    at 
Module.traceVariable (
file:///C:/Users/LENOV
O/OneDrive/Desktop/cli
ent%20reminder%20bot/f
rontend/node_modules/r
ollup/dist/es/shared/n
ode-entry.js:17452:29)
    at ModuleScope.fin
dVariable (file:///C:/
Users/LENOVO/OneDrive/
Desktop/client%20remin
der%20bot/frontend/nod
e_modules/rollup/dist/
es/shared/node-entry.j
s:15070:39)
    at 
Identifier.bind (file:
///C:/Users/LENOVO/One
Drive/Desktop/client%2
0reminder%20bot/fronte
nd/node_modules/rollup
/dist/es/shared/node-e
ntry.js:5447:40)
    at VariableDeclara
tor.bind (file:///C:/U
sers/LENOVO/OneDrive/D
esktop/client%20remind
er%20bot/frontend/node
_modules/rollup/dist/e
s/shared/node-entry.js
:2829:23)
    at VariableDeclara
tion.bind (file:///C:/
Users/LENOVO/OneDrive/
Desktop/client%20remin
der%20bot/frontend/nod
e_modules/rollup/dist/
es/shared/node-entry.j
s:2825:28)
    at Program.bind (f
ile:///C:/Users/LENOVO
/OneDrive/Desktop/clie
nt%20reminder%20bot/fr
ontend/node_modules/ro
llup/dist/es/shared/no
de-entry.js:2825:28)
    at 
Module.bindReferences 
(file:///C:/Users/LENO
VO/OneDrive/Desktop/cl
ient%20reminder%20bot/
frontend/node_modules/
rollup/dist/es/shared/
node-entry.js:17019:18
)[39m
